EN light_pulser NULL D:/Users/Leon/Work/Japan/COMET/Electronics/trunk/FPGA/LIB/Light_Pulser.vhd sub00/vhpl18 1535092705
AR main behavioral D:/Users/Leon/Work/Japan/COMET/Electronics/trunk/FPGA/Pre-trigger_Xilinx/Main.vhd sub00/vhpl03 1535092714
AR adc_deser behavioral D:/Users/Leon/Work/Japan/COMET/Electronics/trunk/FPGA/Pre-trigger_Xilinx/lib/adc_deser.vhd sub00/vhpl25 1535092708
EN adc_deser NULL D:/Users/Leon/Work/Japan/COMET/Electronics/trunk/FPGA/Pre-trigger_Xilinx/lib/adc_deser.vhd sub00/vhpl24 1535092707
PH parameters NULL D:/Users/Leon/Work/Japan/COMET/Electronics/trunk/FPGA/Pre-trigger_Xilinx/lib/Parameters.vhd sub00/vhpl00 1535092689
EN iserdes_8bit NULL D:/Users/Leon/Work/Japan/COMET/Electronics/trunk/FPGA/Pre-trigger_Xilinx/lib/ISERDES_8bit.vhd sub00/vhpl04 1535092695
PB parameters parameters D:/Users/Leon/Work/Japan/COMET/Electronics/trunk/FPGA/Pre-trigger_Xilinx/lib/Parameters.vhd sub00/vhpl01 1535092690
EN dll NULL D:/Users/Leon/Work/Japan/COMET/Electronics/trunk/FPGA/Pre-trigger_Xilinx/DLL.vhd sub00/vhpl16 1535092703
AR phasesw behavioral D:/Users/Leon/Work/Japan/COMET/Electronics/trunk/FPGA/LIB/PhaseSW.vhd sub00/vhpl15 1535092702
EN shiftreg NULL D:/Users/Leon/Work/Japan/COMET/Electronics/trunk/FPGA/Pre-trigger_Xilinx/lib/ShiftReg.vhd sub00/vhpl20 1535092691
AR shiftreg behavioral D:/Users/Leon/Work/Japan/COMET/Electronics/trunk/FPGA/Pre-trigger_Xilinx/lib/ShiftReg.vhd sub00/vhpl21 1535092692
AR v_counter utility D:/Users/Leon/Work/Japan/COMET/Electronics/trunk/FPGA/LIB/V_Counter.vhd sub00/vhpl09 1535092698
AR light_pulser utility D:/Users/Leon/Work/Japan/COMET/Electronics/trunk/FPGA/LIB/Light_Pulser.vhd sub00/vhpl19 1535092706
EN srff NULL D:/Users/Leon/Work/Japan/COMET/Electronics/trunk/FPGA/LIB/SRFF.vhd sub00/vhpl12 1535092693
AR srff utility D:/Users/Leon/Work/Japan/COMET/Electronics/trunk/FPGA/LIB/SRFF.vhd sub00/vhpl13 1535092694
EN main NULL D:/Users/Leon/Work/Japan/COMET/Electronics/trunk/FPGA/Pre-trigger_Xilinx/Main.vhd sub00/vhpl02 1535092713
EN findmaxamp NULL D:/Users/Leon/Work/Japan/COMET/Electronics/trunk/FPGA/Pre-trigger_Xilinx/lib/FindMaxAmp.vhd sub00/vhpl06 1535092709
AR dll behavioral D:/Users/Leon/Work/Japan/COMET/Electronics/trunk/FPGA/Pre-trigger_Xilinx/DLL.vhd sub00/vhpl17 1535092704
EN v_counter NULL D:/Users/Leon/Work/Japan/COMET/Electronics/trunk/FPGA/LIB/V_Counter.vhd sub00/vhpl08 1535092697
EN phasesw NULL D:/Users/Leon/Work/Japan/COMET/Electronics/trunk/FPGA/LIB/PhaseSW.vhd sub00/vhpl14 1535092701
AR findmaxamp behavioral D:/Users/Leon/Work/Japan/COMET/Electronics/trunk/FPGA/Pre-trigger_Xilinx/lib/FindMaxAmp.vhd sub00/vhpl07 1535092710
AR iserdes_8bit behavioral D:/Users/Leon/Work/Japan/COMET/Electronics/trunk/FPGA/Pre-trigger_Xilinx/lib/ISERDES_8bit.vhd sub00/vhpl05 1535092696
AR edge_sensing utility D:/Users/Leon/Work/Japan/COMET/Electronics/trunk/FPGA/LIB/Edge_Sensing.vhd sub00/vhpl11 1535092700
EN edge_sensing NULL D:/Users/Leon/Work/Japan/COMET/Electronics/trunk/FPGA/LIB/Edge_Sensing.vhd sub00/vhpl10 1535092699
EN adc_ctrl_i NULL D:/Users/Leon/Work/Japan/COMET/Electronics/trunk/FPGA/Pre-trigger_Xilinx/lib/adc_ctrl_i.vhd sub00/vhpl22 1535092711
AR adc_ctrl_i behavioral D:/Users/Leon/Work/Japan/COMET/Electronics/trunk/FPGA/Pre-trigger_Xilinx/lib/adc_ctrl_i.vhd sub00/vhpl23 1535092712
