AR main behavioral D:/Users/Leon/Work/Japan/COMET/Electronics/trunk/FPGA/Pre-trigger_Xilinx/Main.vhd sub00/vhpl03 1529649977
PH parameters NULL D:/Users/Leon/Work/Japan/COMET/Electronics/trunk/FPGA/Pre-trigger_Xilinx/Parameters.vhd sub00/vhpl00 1529649974
PB parameters parameters D:/Users/Leon/Work/Japan/COMET/Electronics/trunk/FPGA/Pre-trigger_Xilinx/Parameters.vhd sub00/vhpl01 1529649975
EN main NULL D:/Users/Leon/Work/Japan/COMET/Electronics/trunk/FPGA/Pre-trigger_Xilinx/Main.vhd sub00/vhpl02 1529649976
