EN light_pulser NULL D:/Users/Leon/Work/Japan/COMET/Electronics/trunk/FPGA/LIB/Light_Pulser.vhd sub00/vhpl18 1538105814
AR main behavioral D:/Users/Leon/Work/Japan/COMET/Electronics/trunk/FPGA/Pre-trigger_Xilinx/Main.vhd sub00/vhpl03 1538105821
AR adc_deser behavioral D:/Users/Leon/Work/Japan/COMET/Electronics/trunk/FPGA/Pre-trigger_Xilinx/lib/adc_deser.vhd sub00/vhpl25 1538105817
EN adc_deser NULL D:/Users/Leon/Work/Japan/COMET/Electronics/trunk/FPGA/Pre-trigger_Xilinx/lib/adc_deser.vhd sub00/vhpl24 1538105816
PH parameters NULL D:/Users/Leon/Work/Japan/COMET/Electronics/trunk/FPGA/Pre-trigger_Xilinx/lib/Parameters.vhd sub00/vhpl00 1538111144
EN iserdes_8bit NULL D:/Users/Leon/Work/Japan/COMET/Electronics/trunk/FPGA/Pre-trigger_Xilinx/lib/ISERDES_8bit.vhd sub00/vhpl04 1538111150
PB parameters parameters D:/Users/Leon/Work/Japan/COMET/Electronics/trunk/FPGA/Pre-trigger_Xilinx/lib/Parameters.vhd sub00/vhpl01 1538111145
EN dll NULL D:/Users/Leon/Work/Japan/COMET/Electronics/trunk/FPGA/Pre-trigger_Xilinx/DLL.vhd sub00/vhpl16 1538105812
AR phasesw behavioral D:/Users/Leon/Work/Japan/COMET/Electronics/trunk/FPGA/LIB/PhaseSW.vhd sub00/vhpl15 1538105811
EN shiftreg NULL D:/Users/Leon/Work/Japan/COMET/Electronics/trunk/FPGA/Pre-trigger_Xilinx/lib/ShiftReg.vhd sub00/vhpl20 1538044382
AR shiftreg behavioral D:/Users/Leon/Work/Japan/COMET/Electronics/trunk/FPGA/Pre-trigger_Xilinx/lib/ShiftReg.vhd sub00/vhpl21 1538044383
AR v_counter utility D:/Users/Leon/Work/Japan/COMET/Electronics/trunk/FPGA/LIB/V_Counter.vhd sub00/vhpl09 1538111149
AR light_pulser utility D:/Users/Leon/Work/Japan/COMET/Electronics/trunk/FPGA/LIB/Light_Pulser.vhd sub00/vhpl19 1538105815
EN srff NULL D:/Users/Leon/Work/Japan/COMET/Electronics/trunk/FPGA/LIB/SRFF.vhd sub00/vhpl12 1538111146
AR srff utility D:/Users/Leon/Work/Japan/COMET/Electronics/trunk/FPGA/LIB/SRFF.vhd sub00/vhpl13 1538111147
EN main NULL D:/Users/Leon/Work/Japan/COMET/Electronics/trunk/FPGA/Pre-trigger_Xilinx/Main.vhd sub00/vhpl02 1538105820
EN findmaxamp NULL D:/Users/Leon/Work/Japan/COMET/Electronics/trunk/FPGA/Pre-trigger_Xilinx/lib/FindMaxAmp.vhd sub00/vhpl06 1538105818
AR dll behavioral D:/Users/Leon/Work/Japan/COMET/Electronics/trunk/FPGA/Pre-trigger_Xilinx/DLL.vhd sub00/vhpl17 1538105813
EN v_counter NULL D:/Users/Leon/Work/Japan/COMET/Electronics/trunk/FPGA/LIB/V_Counter.vhd sub00/vhpl08 1538111148
EN phasesw NULL D:/Users/Leon/Work/Japan/COMET/Electronics/trunk/FPGA/LIB/PhaseSW.vhd sub00/vhpl14 1538105810
AR findmaxamp behavioral D:/Users/Leon/Work/Japan/COMET/Electronics/trunk/FPGA/Pre-trigger_Xilinx/lib/FindMaxAmp.vhd sub00/vhpl07 1538105819
AR iserdes_8bit behavioral D:/Users/Leon/Work/Japan/COMET/Electronics/trunk/FPGA/Pre-trigger_Xilinx/lib/ISERDES_8bit.vhd sub00/vhpl05 1538105807
AR edge_sensing utility D:/Users/Leon/Work/Japan/COMET/Electronics/trunk/FPGA/LIB/Edge_Sensing.vhd sub00/vhpl11 1538105809
EN edge_sensing NULL D:/Users/Leon/Work/Japan/COMET/Electronics/trunk/FPGA/LIB/Edge_Sensing.vhd sub00/vhpl10 1538105808
EN adc_ctrl_i NULL D:/Users/Leon/Work/Japan/COMET/Electronics/trunk/FPGA/Pre-trigger_Xilinx/lib/adc_ctrl_i.vhd sub00/vhpl22 1538027288
AR adc_ctrl_i behavioral D:/Users/Leon/Work/Japan/COMET/Electronics/trunk/FPGA/Pre-trigger_Xilinx/lib/adc_ctrl_i.vhd sub00/vhpl23 1538027289
