V3 66
FL "C:/Work/COMET project/trunk/FPGA/LIB/V_Counter.vhd" 2018/08/19.16:09:36 P.20131013
FL "C:/Work/COMET project/trunk/FPGA/Pre-trigger_Xilinx/lib/FindMaxAmp.vhd" 2018/08/19.16:04:04 P.20131013
FL "C:/Work/COMET project/trunk/FPGA/Pre-trigger_Xilinx/lib/ISERDES_8bit.vhd" 2018/08/17.10:51:14 P.20131013
FL "C:/Work/COMET project/trunk/FPGA/Pre-trigger_Xilinx/lib/Parameters.vhd" 2018/08/19.15:38:12 P.20131013
FL "C:/Work/COMET project/trunk/FPGA/Pre-trigger_Xilinx/lib/V_Counter.vhd" 2018/08/17.13:34:37 P.20131013
FL "C:/Work/COMET project/trunk/FPGA/Pre-trigger_Xilinx/Main.vhd" 2018/08/19.16:11:06 P.20131013
FL "C:/Work/COMET project/trunk/FPGA/Pre-trigger_Xilinx/Parameters.vhd" 2018/05/01.22:41:14 P.20131013
FL D:/Users/Leon/Work/Japan/COMET/Electronics/trunk/FPGA/LIB/Edge_Sensing.vhd 2018/08/21.11:08:35 P.20131013
EN work/Edge_Sensing 1535092699 \
      FL D:/Users/Leon/Work/Japan/COMET/Electronics/trunk/FPGA/LIB/Edge_Sensing.vhd \
      PB ieee/std_logic_1164 1381692176 PB work/parameters 1535092690
AR work/Edge_Sensing/Utility 1535092700 \
      FL D:/Users/Leon/Work/Japan/COMET/Electronics/trunk/FPGA/LIB/Edge_Sensing.vhd \
      EN work/Edge_Sensing 1535092699
FL D:/Users/Leon/Work/Japan/COMET/Electronics/trunk/FPGA/LIB/Light_Pulser.vhd 2018/08/23.14:03:34 P.20131013
EN work/Light_Pulser 1535092705 \
      FL D:/Users/Leon/Work/Japan/COMET/Electronics/trunk/FPGA/LIB/Light_Pulser.vhd \
      PB ieee/std_logic_1164 1381692176 PB ieee/STD_LOGIC_UNSIGNED 1381692179 \
      PB ieee/std_logic_arith 1381692177 PB ieee/MATH_REAL 1381692182 \
      PB work/parameters 1535092690
AR work/Light_Pulser/Utility 1535092706 \
      FL D:/Users/Leon/Work/Japan/COMET/Electronics/trunk/FPGA/LIB/Light_Pulser.vhd \
      EN work/Light_Pulser 1535092705 CP work/V_Counter CP work/Edge_Sensing \
      CP work/SRFF
FL D:/Users/Leon/Work/Japan/COMET/Electronics/trunk/FPGA/LIB/PhaseSW.vhd 2018/08/21.15:23:10 P.20131013
EN work/PhaseSW 1535092701 \
      FL D:/Users/Leon/Work/Japan/COMET/Electronics/trunk/FPGA/LIB/PhaseSW.vhd \
      PB ieee/std_logic_1164 1381692176 PB ieee/STD_LOGIC_UNSIGNED 1381692179 \
      PB ieee/NUMERIC_STD 1381692181 LB UNISIM PH unisim/VCOMPONENTS 1381692182
AR work/PhaseSW/Behavioral 1535092702 \
      FL D:/Users/Leon/Work/Japan/COMET/Electronics/trunk/FPGA/LIB/PhaseSW.vhd \
      EN work/PhaseSW 1535092701 CP work/V_Counter
FL D:/Users/Leon/Work/Japan/COMET/Electronics/trunk/FPGA/LIB/SRFF.vhd 2018/08/21.14:42:43 P.20131013
EN work/SRFF 1535092693 \
      FL D:/Users/Leon/Work/Japan/COMET/Electronics/trunk/FPGA/LIB/SRFF.vhd \
      PB ieee/std_logic_1164 1381692176
AR work/SRFF/Utility 1535092694 \
      FL D:/Users/Leon/Work/Japan/COMET/Electronics/trunk/FPGA/LIB/SRFF.vhd \
      EN work/SRFF 1535092693
FL D:/Users/Leon/Work/Japan/COMET/Electronics/trunk/FPGA/LIB/V_Counter.vhd 2018/08/21.11:08:35 P.20131013
EN work/V_Counter 1535092697 \
      FL D:/Users/Leon/Work/Japan/COMET/Electronics/trunk/FPGA/LIB/V_Counter.vhd \
      PB ieee/std_logic_1164 1381692176 PB ieee/STD_LOGIC_UNSIGNED 1381692179 \
      PB work/parameters 1535092690
AR work/V_Counter/Utility 1535092698 \
      FL D:/Users/Leon/Work/Japan/COMET/Electronics/trunk/FPGA/LIB/V_Counter.vhd \
      EN work/V_Counter 1535092697
FL D:/Users/Leon/Work/Japan/COMET/Electronics/trunk/FPGA/Pre-trigger_Xilinx/DLL.vhd 2018/08/22.14:02:11 P.20131013
EN work/DLL 1535092703 \
      FL D:/Users/Leon/Work/Japan/COMET/Electronics/trunk/FPGA/Pre-trigger_Xilinx/DLL.vhd \
      PB ieee/std_logic_1164 1381692176 PB ieee/NUMERIC_STD 1381692181 LB UNISIM \
      PH unisim/VCOMPONENTS 1381692182
AR work/DLL/BEHAVIORAL 1535092704 \
      FL D:/Users/Leon/Work/Japan/COMET/Electronics/trunk/FPGA/Pre-trigger_Xilinx/DLL.vhd \
      EN work/DLL 1535092703 CP BUFG CP IBUFG CP DCM_ADV
FL D:/Users/Leon/Work/Japan/COMET/Electronics/trunk/FPGA/Pre-trigger_Xilinx/lib/adc_ctrl_i.vhd 2018/08/24.11:02:18 P.20131013
EN work/adc_ctrl_i 1535092711 \
      FL D:/Users/Leon/Work/Japan/COMET/Electronics/trunk/FPGA/Pre-trigger_Xilinx/lib/adc_ctrl_i.vhd \
      PB ieee/std_logic_1164 1381692176 PB ieee/NUMERIC_STD 1381692181 LB UNISIM \
      PH unisim/VCOMPONENTS 1381692182
AR work/adc_ctrl_i/Behavioral 1535092712 \
      FL D:/Users/Leon/Work/Japan/COMET/Electronics/trunk/FPGA/Pre-trigger_Xilinx/lib/adc_ctrl_i.vhd \
      EN work/adc_ctrl_i 1535092711 CP work/ShiftReg
FL D:/Users/Leon/Work/Japan/COMET/Electronics/trunk/FPGA/Pre-trigger_Xilinx/lib/adc_deser.vhd 2018/08/24.13:38:05 P.20131013
EN work/adc_deser 1535092707 \
      FL D:/Users/Leon/Work/Japan/COMET/Electronics/trunk/FPGA/Pre-trigger_Xilinx/lib/adc_deser.vhd \
      PB ieee/std_logic_1164 1381692176 PB ieee/std_logic_arith 1381692177 \
      PB ieee/STD_LOGIC_UNSIGNED 1381692179 PB ieee/NUMERIC_STD 1381692181 \
      LB UNISIM PH unisim/VCOMPONENTS 1381692182 PB work/parameters 1535092690
AR work/adc_deser/Behavioral 1535092708 \
      FL D:/Users/Leon/Work/Japan/COMET/Electronics/trunk/FPGA/Pre-trigger_Xilinx/lib/adc_deser.vhd \
      EN work/adc_deser 1535092707 CP IBUFDS CP work/ISERDES_8bit CP IBUFGDS
FL D:/Users/Leon/Work/Japan/COMET/Electronics/trunk/FPGA/Pre-trigger_Xilinx/lib/FindMaxAmp.vhd 2018/08/23.17:58:26 P.20131013
EN work/FindMaxAmp 1535092709 \
      FL D:/Users/Leon/Work/Japan/COMET/Electronics/trunk/FPGA/Pre-trigger_Xilinx/lib/FindMaxAmp.vhd \
      PB ieee/std_logic_1164 1381692176 PB ieee/NUMERIC_STD 1381692181 \
      PB ieee/std_logic_arith 1381692177 PB ieee/STD_LOGIC_UNSIGNED 1381692179 \
      LB UNISIM PH unisim/VCOMPONENTS 1381692182 PB work/parameters 1535092690
AR work/FindMaxAmp/Behavioral 1535092710 \
      FL D:/Users/Leon/Work/Japan/COMET/Electronics/trunk/FPGA/Pre-trigger_Xilinx/lib/FindMaxAmp.vhd \
      EN work/FindMaxAmp 1535092709 CP work/SRFF
FL D:/Users/Leon/Work/Japan/COMET/Electronics/trunk/FPGA/Pre-trigger_Xilinx/lib/ISERDES_8bit.vhd 2018/08/16.11:23:03 P.20131013
EN work/ISERDES_8bit 1535092695 \
      FL D:/Users/Leon/Work/Japan/COMET/Electronics/trunk/FPGA/Pre-trigger_Xilinx/lib/ISERDES_8bit.vhd \
      PB ieee/std_logic_1164 1381692176 PB ieee/NUMERIC_STD 1381692181 LB UNISIM \
      PH unisim/VCOMPONENTS 1381692182 PB work/parameters 1535092690
AR work/ISERDES_8bit/Behavioral 1535092696 \
      FL D:/Users/Leon/Work/Japan/COMET/Electronics/trunk/FPGA/Pre-trigger_Xilinx/lib/ISERDES_8bit.vhd \
      EN work/ISERDES_8bit 1535092695 CP ISERDES
FL D:/Users/Leon/Work/Japan/COMET/Electronics/trunk/FPGA/Pre-trigger_Xilinx/lib/Parameters.vhd 2018/08/23.17:55:22 P.20131013
PH work/parameters 1535092689 \
      FL D:/Users/Leon/Work/Japan/COMET/Electronics/trunk/FPGA/Pre-trigger_Xilinx/lib/Parameters.vhd \
      PB ieee/std_logic_1164 1381692176 PB ieee/STD_LOGIC_UNSIGNED 1381692179 \
      PB ieee/std_logic_arith 1381692177 PB ieee/NUMERIC_STD 1381692181 \
      PB ieee/MATH_REAL 1381692182
PB work/parameters 1535092690 \
      FL D:/Users/Leon/Work/Japan/COMET/Electronics/trunk/FPGA/Pre-trigger_Xilinx/lib/Parameters.vhd \
      PH work/parameters 1535092689
FL D:/Users/Leon/Work/Japan/COMET/Electronics/trunk/FPGA/Pre-trigger_Xilinx/lib/ShiftReg.vhd 2018/08/23.18:01:19 P.20131013
EN work/ShiftReg 1535092691 \
      FL D:/Users/Leon/Work/Japan/COMET/Electronics/trunk/FPGA/Pre-trigger_Xilinx/lib/ShiftReg.vhd \
      PB ieee/std_logic_1164 1381692176
AR work/ShiftReg/Behavioral 1535092692 \
      FL D:/Users/Leon/Work/Japan/COMET/Electronics/trunk/FPGA/Pre-trigger_Xilinx/lib/ShiftReg.vhd \
      EN work/ShiftReg 1535092691
FL D:/Users/Leon/Work/Japan/COMET/Electronics/trunk/FPGA/Pre-trigger_Xilinx/lib/V_Counter.vhd 2018/08/16.10:48:59 P.20131013
FL D:/Users/Leon/Work/Japan/COMET/Electronics/trunk/FPGA/Pre-trigger_Xilinx/Main.vhd 2018/08/24.13:37:38 P.20131013
EN work/Main 1535092713 \
      FL D:/Users/Leon/Work/Japan/COMET/Electronics/trunk/FPGA/Pre-trigger_Xilinx/Main.vhd \
      PB ieee/std_logic_1164 1381692176 PB ieee/std_logic_arith 1381692177 \
      PB ieee/STD_LOGIC_UNSIGNED 1381692179 PB ieee/NUMERIC_STD 1381692181 \
      LB UNISIM PH unisim/VCOMPONENTS 1381692182 PB work/parameters 1535092690
AR work/Main/Behavioral 1535092714 \
      FL D:/Users/Leon/Work/Japan/COMET/Electronics/trunk/FPGA/Pre-trigger_Xilinx/Main.vhd \
      EN work/Main 1535092713 CP IBUFG CP IBUFGDS CP work/PhaseSW CP work/DLL \
      CP work/Light_Pulser CP work/adc_deser CP work/FindMaxAmp CP IBUFDS \
      CP work/adc_ctrl_i CP work/V_Counter
FL D:/Users/Leon/Work/Japan/COMET/Electronics/trunk/FPGA/Pre-trigger_Xilinx/Parameters.vhd 2018/08/14.11:56:11 P.20131013
