AR clkdiv behavioral D:/Users/Leon/Work/Japan/COMET/Electronics/trunk/FPGA/test/ClkDiv.vhd sub00/vhpl03 1541068085
EN light_pulser NULL D:/Users/Leon/Work/Japan/COMET/Electronics/trunk/FPGA/LIB/Light_Pulser.vhd sub00/vhpl16 1541593050
PH parameters NULL D:/Users/Leon/Work/Japan/COMET/Electronics/trunk/FPGA/test/Parameters.vhd sub00/vhpl00 1541593038
EN iserdes_8bit NULL D:/Users/Leon/Work/Japan/COMET/Electronics/trunk/FPGA/test/ISERDES_8bit.vhd sub00/vhpl04 1541593054
EN clkdiv NULL D:/Users/Leon/Work/Japan/COMET/Electronics/trunk/FPGA/test/ClkDiv.vhd sub00/vhpl02 1541068084
PB parameters parameters D:/Users/Leon/Work/Japan/COMET/Electronics/trunk/FPGA/test/Parameters.vhd sub00/vhpl01 1541593039
EN dll NULL D:/Users/Leon/Work/Japan/COMET/Electronics/trunk/FPGA/Pre-trigger_Xilinx/DLL.vhd sub00/vhpl14 1541593048
AR phasesw behavioral D:/Users/Leon/Work/Japan/COMET/Electronics/trunk/FPGA/LIB/PhaseSW.vhd sub00/vhpl13 1541593047
EN shiftreg NULL D:/Users/Leon/Work/Japan/COMET/Electronics/trunk/FPGA/Pre-trigger_Xilinx/lib/ShiftReg.vhd sub00/vhpl18 1541593052
AR shiftreg behavioral D:/Users/Leon/Work/Japan/COMET/Electronics/trunk/FPGA/Pre-trigger_Xilinx/lib/ShiftReg.vhd sub00/vhpl19 1541593053
AR v_counter utility D:/Users/Leon/Work/Japan/COMET/Electronics/trunk/FPGA/LIB/V_Counter.vhd sub00/vhpl07 1541593041
AR light_pulser utility D:/Users/Leon/Work/Japan/COMET/Electronics/trunk/FPGA/LIB/Light_Pulser.vhd sub00/vhpl17 1541593051
EN srff NULL D:/Users/Leon/Work/Japan/COMET/Electronics/trunk/FPGA/LIB/SRFF.vhd sub00/vhpl10 1541593044
AR srff utility D:/Users/Leon/Work/Japan/COMET/Electronics/trunk/FPGA/LIB/SRFF.vhd sub00/vhpl11 1541593045
AR dll behavioral D:/Users/Leon/Work/Japan/COMET/Electronics/trunk/FPGA/Pre-trigger_Xilinx/DLL.vhd sub00/vhpl15 1541593049
EN v_counter NULL D:/Users/Leon/Work/Japan/COMET/Electronics/trunk/FPGA/LIB/V_Counter.vhd sub00/vhpl06 1541593040
EN phasesw NULL D:/Users/Leon/Work/Japan/COMET/Electronics/trunk/FPGA/LIB/PhaseSW.vhd sub00/vhpl12 1541593046
AR iserdes_8bit behavioral D:/Users/Leon/Work/Japan/COMET/Electronics/trunk/FPGA/test/ISERDES_8bit.vhd sub00/vhpl05 1541593055
AR edge_sensing utility D:/Users/Leon/Work/Japan/COMET/Electronics/trunk/FPGA/LIB/Edge_Sensing.vhd sub00/vhpl09 1541593043
EN edge_sensing NULL D:/Users/Leon/Work/Japan/COMET/Electronics/trunk/FPGA/LIB/Edge_Sensing.vhd sub00/vhpl08 1541593042
