AR clkdiv behavioral D:/Users/Leon/Work/Japan/COMET/Electronics/trunk/FPGA/test/ClkDiv.vhd sub00/vhpl03 1541068085
EN light_pulser NULL D:/Users/Leon/Work/Japan/COMET/Electronics/trunk/FPGA/LIB/Light_Pulser.vhd sub00/vhpl16 1546060004
PH parameters NULL D:/Users/Leon/Work/Japan/COMET/Electronics/trunk/FPGA/test/Parameters.vhd sub00/vhpl00 1546059992
EN iserdes_8bit NULL D:/Users/Leon/Work/Japan/COMET/Electronics/trunk/FPGA/test/ISERDES_8bit.vhd sub00/vhpl04 1546060008
EN clkdiv NULL D:/Users/Leon/Work/Japan/COMET/Electronics/trunk/FPGA/test/ClkDiv.vhd sub00/vhpl02 1541068084
PB parameters parameters D:/Users/Leon/Work/Japan/COMET/Electronics/trunk/FPGA/test/Parameters.vhd sub00/vhpl01 1546059993
EN dll NULL D:/Users/Leon/Work/Japan/COMET/Electronics/trunk/FPGA/Pre-trigger_Xilinx/DLL.vhd sub00/vhpl14 1546060002
AR phasesw behavioral D:/Users/Leon/Work/Japan/COMET/Electronics/trunk/FPGA/LIB/PhaseSW.vhd sub00/vhpl13 1546060001
EN shiftreg NULL D:/Users/Leon/Work/Japan/COMET/Electronics/trunk/FPGA/Pre-trigger_Xilinx/lib/ShiftReg.vhd sub00/vhpl18 1546060006
AR shiftreg behavioral D:/Users/Leon/Work/Japan/COMET/Electronics/trunk/FPGA/Pre-trigger_Xilinx/lib/ShiftReg.vhd sub00/vhpl19 1546060007
AR v_counter utility D:/Users/Leon/Work/Japan/COMET/Electronics/trunk/FPGA/LIB/V_Counter.vhd sub00/vhpl07 1546059995
AR light_pulser utility D:/Users/Leon/Work/Japan/COMET/Electronics/trunk/FPGA/LIB/Light_Pulser.vhd sub00/vhpl17 1546060005
EN srff NULL D:/Users/Leon/Work/Japan/COMET/Electronics/trunk/FPGA/LIB/SRFF.vhd sub00/vhpl10 1546059998
AR srff utility D:/Users/Leon/Work/Japan/COMET/Electronics/trunk/FPGA/LIB/SRFF.vhd sub00/vhpl11 1546059999
AR dll behavioral D:/Users/Leon/Work/Japan/COMET/Electronics/trunk/FPGA/Pre-trigger_Xilinx/DLL.vhd sub00/vhpl15 1546060003
EN v_counter NULL D:/Users/Leon/Work/Japan/COMET/Electronics/trunk/FPGA/LIB/V_Counter.vhd sub00/vhpl06 1546059994
EN phasesw NULL D:/Users/Leon/Work/Japan/COMET/Electronics/trunk/FPGA/LIB/PhaseSW.vhd sub00/vhpl12 1546060000
AR iserdes_8bit behavioral D:/Users/Leon/Work/Japan/COMET/Electronics/trunk/FPGA/test/ISERDES_8bit.vhd sub00/vhpl05 1546060009
AR edge_sensing utility D:/Users/Leon/Work/Japan/COMET/Electronics/trunk/FPGA/LIB/Edge_Sensing.vhd sub00/vhpl09 1546059997
EN edge_sensing NULL D:/Users/Leon/Work/Japan/COMET/Electronics/trunk/FPGA/LIB/Edge_Sensing.vhd sub00/vhpl08 1546059996
EN testram NULL D:/Users/Leon/Work/Japan/COMET/Electronics/trunk/FPGA/LIB/TestRam.vhd sub00/vhpl20 1544172243
AR testram behavioral D:/Users/Leon/Work/Japan/COMET/Electronics/trunk/FPGA/LIB/TestRam.vhd sub00/vhpl21 1544172244
