AR clkdiv behavioral D:/Users/Leon/Work/Japan/COMET/Electronics/trunk/FPGA/test/ClkDiv.vhd sub00/vhpl03 1541068085
EN light_pulser NULL D:/Users/Leon/Work/Japan/COMET/Electronics/trunk/FPGA/LIB/Light_Pulser.vhd sub00/vhpl16 1548661468
PH parameters NULL D:/Users/Leon/Work/Japan/COMET/Electronics/trunk/FPGA/test/Parameters.vhd sub00/vhpl00 1548661456
EN iserdes_8bit NULL D:/Users/Leon/Work/Japan/COMET/Electronics/trunk/FPGA/test/ISERDES_8bit.vhd sub00/vhpl04 1548661472
EN clkdiv NULL D:/Users/Leon/Work/Japan/COMET/Electronics/trunk/FPGA/test/ClkDiv.vhd sub00/vhpl02 1541068084
PB parameters parameters D:/Users/Leon/Work/Japan/COMET/Electronics/trunk/FPGA/test/Parameters.vhd sub00/vhpl01 1548661457
EN dll NULL D:/Users/Leon/Work/Japan/COMET/Electronics/trunk/FPGA/Pre-trigger_Xilinx/DLL.vhd sub00/vhpl14 1548661466
AR phasesw behavioral D:/Users/Leon/Work/Japan/COMET/Electronics/trunk/FPGA/LIB/PhaseSW.vhd sub00/vhpl13 1548661465
EN shiftreg NULL D:/Users/Leon/Work/Japan/COMET/Electronics/trunk/FPGA/Pre-trigger_Xilinx/lib/ShiftReg.vhd sub00/vhpl18 1548661470
AR shiftreg behavioral D:/Users/Leon/Work/Japan/COMET/Electronics/trunk/FPGA/Pre-trigger_Xilinx/lib/ShiftReg.vhd sub00/vhpl19 1548661471
AR v_counter utility D:/Users/Leon/Work/Japan/COMET/Electronics/trunk/FPGA/LIB/V_Counter.vhd sub00/vhpl07 1548661459
AR light_pulser utility D:/Users/Leon/Work/Japan/COMET/Electronics/trunk/FPGA/LIB/Light_Pulser.vhd sub00/vhpl17 1548661469
EN srff NULL D:/Users/Leon/Work/Japan/COMET/Electronics/trunk/FPGA/LIB/SRFF.vhd sub00/vhpl10 1548661462
AR srff utility D:/Users/Leon/Work/Japan/COMET/Electronics/trunk/FPGA/LIB/SRFF.vhd sub00/vhpl11 1548661463
AR dll behavioral D:/Users/Leon/Work/Japan/COMET/Electronics/trunk/FPGA/Pre-trigger_Xilinx/DLL.vhd sub00/vhpl15 1548661467
EN v_counter NULL D:/Users/Leon/Work/Japan/COMET/Electronics/trunk/FPGA/LIB/V_Counter.vhd sub00/vhpl06 1548661458
EN phasesw NULL D:/Users/Leon/Work/Japan/COMET/Electronics/trunk/FPGA/LIB/PhaseSW.vhd sub00/vhpl12 1548661464
AR iserdes_8bit behavioral D:/Users/Leon/Work/Japan/COMET/Electronics/trunk/FPGA/test/ISERDES_8bit.vhd sub00/vhpl05 1548661473
AR edge_sensing utility D:/Users/Leon/Work/Japan/COMET/Electronics/trunk/FPGA/LIB/Edge_Sensing.vhd sub00/vhpl09 1548661461
EN edge_sensing NULL D:/Users/Leon/Work/Japan/COMET/Electronics/trunk/FPGA/LIB/Edge_Sensing.vhd sub00/vhpl08 1548661460
EN testram NULL D:/Users/Leon/Work/Japan/COMET/Electronics/trunk/FPGA/LIB/TestRam.vhd sub00/vhpl20 1544172243
AR testram behavioral D:/Users/Leon/Work/Japan/COMET/Electronics/trunk/FPGA/LIB/TestRam.vhd sub00/vhpl21 1544172244
