V3 47
FL D:/Users/Leon/Work/Japan/COMET/Electronics/trunk/FPGA/LIB/Edge_Sensing.vhd 2018/08/21.11:08:35 P.20131013
EN work/Edge_Sensing 1544180348 \
      FL D:/Users/Leon/Work/Japan/COMET/Electronics/trunk/FPGA/LIB/Edge_Sensing.vhd \
      PB ieee/std_logic_1164 1381692176 PB work/parameters 1544180345
AR work/Edge_Sensing/Utility 1544180349 \
      FL D:/Users/Leon/Work/Japan/COMET/Electronics/trunk/FPGA/LIB/Edge_Sensing.vhd \
      EN work/Edge_Sensing 1544180348
FL D:/Users/Leon/Work/Japan/COMET/Electronics/trunk/FPGA/LIB/Light_Pulser.vhd 2018/08/23.14:03:34 P.20131013
EN work/Light_Pulser 1544180356 \
      FL D:/Users/Leon/Work/Japan/COMET/Electronics/trunk/FPGA/LIB/Light_Pulser.vhd \
      PB ieee/std_logic_1164 1381692176 PB ieee/STD_LOGIC_UNSIGNED 1381692179 \
      PB ieee/std_logic_arith 1381692177 PB ieee/MATH_REAL 1381692182 \
      PB work/parameters 1544180345
AR work/Light_Pulser/Utility 1544180357 \
      FL D:/Users/Leon/Work/Japan/COMET/Electronics/trunk/FPGA/LIB/Light_Pulser.vhd \
      EN work/Light_Pulser 1544180356 CP work/V_Counter CP work/Edge_Sensing \
      CP work/SRFF
FL D:/Users/Leon/Work/Japan/COMET/Electronics/trunk/FPGA/LIB/PhaseSW.vhd 2018/09/27.18:10:42 P.20131013
EN work/PhaseSW 1544180352 \
      FL D:/Users/Leon/Work/Japan/COMET/Electronics/trunk/FPGA/LIB/PhaseSW.vhd \
      PB ieee/std_logic_1164 1381692176 PB ieee/STD_LOGIC_UNSIGNED 1381692179 \
      PB ieee/NUMERIC_STD 1381692181 LB UNISIM PH unisim/VCOMPONENTS 1381692182
AR work/PhaseSW/Behavioral 1544180353 \
      FL D:/Users/Leon/Work/Japan/COMET/Electronics/trunk/FPGA/LIB/PhaseSW.vhd \
      EN work/PhaseSW 1544180352 CP work/V_Counter
FL D:/Users/Leon/Work/Japan/COMET/Electronics/trunk/FPGA/LIB/SRFF.vhd 2018/08/21.14:42:43 P.20131013
EN work/SRFF 1544180350 \
      FL D:/Users/Leon/Work/Japan/COMET/Electronics/trunk/FPGA/LIB/SRFF.vhd \
      PB ieee/std_logic_1164 1381692176
AR work/SRFF/Utility 1544180351 \
      FL D:/Users/Leon/Work/Japan/COMET/Electronics/trunk/FPGA/LIB/SRFF.vhd \
      EN work/SRFF 1544180350
FL D:/Users/Leon/Work/Japan/COMET/Electronics/trunk/FPGA/LIB/TestRam.vhd 2018/12/07.10:20:34 P.20131013
EN work/TestRam 1544172243 \
      FL D:/Users/Leon/Work/Japan/COMET/Electronics/trunk/FPGA/LIB/TestRam.vhd \
      PB ieee/std_logic_1164 1381692176 PB ieee/STD_LOGIC_UNSIGNED 1381692179 \
      PB ieee/std_logic_arith 1381692177 PB ieee/NUMERIC_STD 1381692181 \
      PB ieee/MATH_REAL 1381692182 LB UNISIM PH unisim/VCOMPONENTS 1381692182
AR work/TestRam/Behavioral 1544172244 \
      FL D:/Users/Leon/Work/Japan/COMET/Electronics/trunk/FPGA/LIB/TestRam.vhd \
      EN work/TestRam 1544172243
FL D:/Users/Leon/Work/Japan/COMET/Electronics/trunk/FPGA/LIB/V_Counter.vhd 2018/08/21.11:08:35 P.20131013
EN work/V_Counter 1544180346 \
      FL D:/Users/Leon/Work/Japan/COMET/Electronics/trunk/FPGA/LIB/V_Counter.vhd \
      PB ieee/std_logic_1164 1381692176 PB ieee/STD_LOGIC_UNSIGNED 1381692179 \
      PB work/parameters 1544180345
AR work/V_Counter/Utility 1544180347 \
      FL D:/Users/Leon/Work/Japan/COMET/Electronics/trunk/FPGA/LIB/V_Counter.vhd \
      EN work/V_Counter 1544180346
FL D:/Users/Leon/Work/Japan/COMET/Electronics/trunk/FPGA/Pre-trigger_Xilinx/DLL.vhd 2018/11/26.10:54:24 P.20131013
EN work/DLL 1544180354 \
      FL D:/Users/Leon/Work/Japan/COMET/Electronics/trunk/FPGA/Pre-trigger_Xilinx/DLL.vhd \
      PB ieee/std_logic_1164 1381692176 PB ieee/NUMERIC_STD 1381692181 LB UNISIM \
      PH unisim/VCOMPONENTS 1381692182
AR work/DLL/BEHAVIORAL 1544180355 \
      FL D:/Users/Leon/Work/Japan/COMET/Electronics/trunk/FPGA/Pre-trigger_Xilinx/DLL.vhd \
      EN work/DLL 1544180354 CP BUFG CP IBUFG CP DCM_ADV
FL D:/Users/Leon/Work/Japan/COMET/Electronics/trunk/FPGA/Pre-trigger_Xilinx/lib/ShiftReg.vhd 2018/09/28.18:55:28 P.20131013
EN work/ShiftReg 1544180358 \
      FL D:/Users/Leon/Work/Japan/COMET/Electronics/trunk/FPGA/Pre-trigger_Xilinx/lib/ShiftReg.vhd \
      PB ieee/std_logic_1164 1381692176
AR work/ShiftReg/Behavioral 1544180359 \
      FL D:/Users/Leon/Work/Japan/COMET/Electronics/trunk/FPGA/Pre-trigger_Xilinx/lib/ShiftReg.vhd \
      EN work/ShiftReg 1544180358
FL D:/Users/Leon/Work/Japan/COMET/Electronics/trunk/FPGA/test/ClkDiv.vhd 2018/11/01.16:19:30 P.20131013
EN work/ClkDiv 1541068084 \
      FL D:/Users/Leon/Work/Japan/COMET/Electronics/trunk/FPGA/test/ClkDiv.vhd \
      PB ieee/std_logic_1164 1381692176 PB ieee/STD_LOGIC_UNSIGNED 1381692179 \
      PB ieee/NUMERIC_STD 1381692181 LB UNISIM PH unisim/VCOMPONENTS 1381692182 \
      PB work/parameters 1544180345
AR work/ClkDiv/Behavioral 1541068085 \
      FL D:/Users/Leon/Work/Japan/COMET/Electronics/trunk/FPGA/test/ClkDiv.vhd \
      EN work/ClkDiv 1541068084
FL D:/Users/Leon/Work/Japan/COMET/Electronics/trunk/FPGA/test/ISERDES_8bit.vhd 2018/12/07.17:53:29 P.20131013
EN work/ISERDES_8bit 1544180360 \
      FL D:/Users/Leon/Work/Japan/COMET/Electronics/trunk/FPGA/test/ISERDES_8bit.vhd \
      PB ieee/std_logic_1164 1381692176 PB ieee/STD_LOGIC_UNSIGNED 1381692179 \
      PB ieee/NUMERIC_STD 1381692181 LB UNISIM PH unisim/VCOMPONENTS 1381692182 \
      PB work/parameters 1544180345
AR work/ISERDES_8bit/Behavioral 1544180361 \
      FL D:/Users/Leon/Work/Japan/COMET/Electronics/trunk/FPGA/test/ISERDES_8bit.vhd \
      EN work/ISERDES_8bit 1544180360 CP work/SRFF CP IBUFG CP IBUFGDS \
      CP work/PhaseSW CP work/DLL CP work/Light_Pulser CP IBUFDS CP IDDR \
      CP work/V_Counter CP work/ShiftReg
FL D:/Users/Leon/Work/Japan/COMET/Electronics/trunk/FPGA/test/Parameters.vhd 2018/12/06.14:11:38 P.20131013
PH work/parameters 1544180344 \
      FL D:/Users/Leon/Work/Japan/COMET/Electronics/trunk/FPGA/test/Parameters.vhd \
      PB ieee/std_logic_1164 1381692176 PB ieee/STD_LOGIC_UNSIGNED 1381692179 \
      PB ieee/std_logic_arith 1381692177 PB ieee/NUMERIC_STD 1381692181 \
      PB ieee/MATH_REAL 1381692182
PB work/parameters 1544180345 \
      FL D:/Users/Leon/Work/Japan/COMET/Electronics/trunk/FPGA/test/Parameters.vhd \
      PH work/parameters 1544180344
