EN light_pulser NULL D:/Users/Leon/Work/Japan/COMET/Electronics/trunk/FPGA/LIB/Light_Pulser.vhd sub00/vhpl09 1597915325
AR main behavioral D:/Users/Leon/Work/Japan/COMET/Electronics/trunk/FPGA/PreTrigger_ECAL_Xilinx/Main.vhd sub00/vhpl23 1597915334
AR adc_deser behavioral D:/Users/Leon/Work/Japan/COMET/Electronics/trunk/FPGA/PreTrigger_ECAL_Xilinx/lib/adc_deser.vhd sub00/vhpl17 1597915328
EN adc_deser NULL D:/Users/Leon/Work/Japan/COMET/Electronics/trunk/FPGA/PreTrigger_ECAL_Xilinx/lib/adc_deser.vhd sub00/vhpl14 1597915327
PH parameters NULL D:/Users/Leon/Work/Japan/COMET/Electronics/trunk/FPGA/PreTrigger_ECAL_Xilinx/lib/Parameters.vhd sub00/vhpl02 1597915311
EN iserdes_8bit NULL D:/Users/Leon/Work/Japan/COMET/Electronics/trunk/FPGA/LIB/ISERDES_8bit.vhd sub00/vhpl15 1597915317
EN dll NULL D:/Users/Leon/Work/Japan/COMET/Electronics/trunk/FPGA/PreTrigger_ECAL_Xilinx/DLL.vhd sub00/vhpl07 1597915323
PB parameters parameters D:/Users/Leon/Work/Japan/COMET/Electronics/trunk/FPGA/PreTrigger_ECAL_Xilinx/lib/Parameters.vhd sub00/vhpl03 1597915312
AR phasesw behavioral D:/Users/Leon/Work/Japan/COMET/Electronics/trunk/FPGA/LIB/PhaseSW.vhd sub00/vhpl13 1597915322
EN shiftreg NULL D:/Users/Leon/Work/Japan/COMET/Electronics/trunk/FPGA/PreTrigger_ECAL_Xilinx/lib/ShiftReg.vhd sub00/vhpl20 1597915331
AR shiftreg behavioral D:/Users/Leon/Work/Japan/COMET/Electronics/trunk/FPGA/PreTrigger_ECAL_Xilinx/lib/ShiftReg.vhd sub00/vhpl21 1597915332
AR v_counter utility D:/Users/Leon/Work/Japan/COMET/Electronics/trunk/FPGA/LIB/V_Counter.vhd sub00/vhpl05 1597915316
AR light_pulser utility D:/Users/Leon/Work/Japan/COMET/Electronics/trunk/FPGA/LIB/Light_Pulser.vhd sub00/vhpl12 1597915326
EN srff NULL D:/Users/Leon/Work/Japan/COMET/Electronics/trunk/FPGA/LIB/SRFF.vhd sub00/vhpl00 1597915313
AR srff utility D:/Users/Leon/Work/Japan/COMET/Electronics/trunk/FPGA/LIB/SRFF.vhd sub00/vhpl01 1597915314
EN main NULL D:/Users/Leon/Work/Japan/COMET/Electronics/trunk/FPGA/PreTrigger_ECAL_Xilinx/Main.vhd sub00/vhpl22 1597915333
EN findmaxamp NULL D:/Users/Leon/Work/Japan/COMET/Electronics/trunk/FPGA/PreTrigger_ECAL_Xilinx/lib/FindMaxAmp.vhd sub00/vhpl18 1597915329
AR dll behavioral D:/Users/Leon/Work/Japan/COMET/Electronics/trunk/FPGA/PreTrigger_ECAL_Xilinx/DLL.vhd sub00/vhpl08 1597915324
EN v_counter NULL D:/Users/Leon/Work/Japan/COMET/Electronics/trunk/FPGA/LIB/V_Counter.vhd sub00/vhpl04 1597915315
EN phasesw NULL D:/Users/Leon/Work/Japan/COMET/Electronics/trunk/FPGA/LIB/PhaseSW.vhd sub00/vhpl06 1597915321
AR findmaxamp behavioral D:/Users/Leon/Work/Japan/COMET/Electronics/trunk/FPGA/PreTrigger_ECAL_Xilinx/lib/FindMaxAmp.vhd sub00/vhpl19 1597915330
AR iserdes_8bit behavioral D:/Users/Leon/Work/Japan/COMET/Electronics/trunk/FPGA/LIB/ISERDES_8bit.vhd sub00/vhpl16 1597915318
AR edge_sensing utility D:/Users/Leon/Work/Japan/COMET/Electronics/trunk/FPGA/LIB/Edge_Sensing.vhd sub00/vhpl11 1597915320
EN edge_sensing NULL D:/Users/Leon/Work/Japan/COMET/Electronics/trunk/FPGA/LIB/Edge_Sensing.vhd sub00/vhpl10 1597915319
