AR light_pulser utility C:/Work/COMET/trunk/FPGA/LIB/Light_Pulser.vhd sub00/vhpl12 1595229001
EN edge_sensing NULL C:/Work/COMET/trunk/FPGA/LIB/Edge_Sensing.vhd sub00/vhpl10 1595228994
AR v_counter utility C:/Work/COMET/trunk/FPGA/LIB/V_Counter.vhd sub00/vhpl05 1595228991
EN adc_deser NULL C:/Work/COMET/trunk/FPGA/PreTrigger_ECAL_Xilinx/lib/adc_deser.vhd sub00/vhpl14 1595229002
AR phasesw behavioral C:/Work/COMET/trunk/FPGA/LIB/PhaseSW.vhd sub00/vhpl13 1595228997
PH parameters NULL C:/Work/COMET/trunk/FPGA/PreTrigger_ECAL_Xilinx/lib/Parameters.vhd sub00/vhpl02 1595228986
AR findmaxamp behavioral C:/Work/COMET/trunk/FPGA/PreTrigger_ECAL_Xilinx/lib/FindMaxAmp.vhd sub00/vhpl19 1595229005
EN dll NULL C:/Work/COMET/trunk/FPGA/PreTrigger_ECAL_Xilinx/DLL.vhd sub00/vhpl07 1595228998
EN shiftreg NULL C:/Work/COMET/trunk/FPGA/PreTrigger_ECAL_Xilinx/lib/ShiftReg.vhd sub00/vhpl20 1595229006
AR main behavioral C:/Work/COMET/trunk/FPGA/PreTrigger_ECAL_Xilinx/Main.vhd sub00/vhpl23 1595229009
PB parameters parameters C:/Work/COMET/trunk/FPGA/PreTrigger_ECAL_Xilinx/lib/Parameters.vhd sub00/vhpl03 1595228987
AR dll behavioral C:/Work/COMET/trunk/FPGA/PreTrigger_ECAL_Xilinx/DLL.vhd sub00/vhpl08 1595228999
EN srff NULL C:/Work/COMET/trunk/FPGA/LIB/SRFF.vhd sub00/vhpl00 1595228988
EN main NULL C:/Work/COMET/trunk/FPGA/PreTrigger_ECAL_Xilinx/Main.vhd sub00/vhpl22 1595229008
EN findmaxamp NULL C:/Work/COMET/trunk/FPGA/PreTrigger_ECAL_Xilinx/lib/FindMaxAmp.vhd sub00/vhpl18 1595229004
EN v_counter NULL C:/Work/COMET/trunk/FPGA/LIB/V_Counter.vhd sub00/vhpl04 1595228990
EN light_pulser NULL C:/Work/COMET/trunk/FPGA/LIB/Light_Pulser.vhd sub00/vhpl09 1595229000
EN phasesw NULL C:/Work/COMET/trunk/FPGA/LIB/PhaseSW.vhd sub00/vhpl06 1595228996
AR iserdes_8bit behavioral C:/Work/COMET/trunk/FPGA/LIB/ISERDES_8bit.vhd sub00/vhpl16 1595228993
EN iserdes_8bit NULL C:/Work/COMET/trunk/FPGA/LIB/ISERDES_8bit.vhd sub00/vhpl15 1595228992
AR adc_deser behavioral C:/Work/COMET/trunk/FPGA/PreTrigger_ECAL_Xilinx/lib/adc_deser.vhd sub00/vhpl17 1595229003
AR shiftreg behavioral C:/Work/COMET/trunk/FPGA/PreTrigger_ECAL_Xilinx/lib/ShiftReg.vhd sub00/vhpl21 1595229007
AR srff utility C:/Work/COMET/trunk/FPGA/LIB/SRFF.vhd sub00/vhpl01 1595228989
AR edge_sensing utility C:/Work/COMET/trunk/FPGA/LIB/Edge_Sensing.vhd sub00/vhpl11 1595228995
