EN light_pulser NULL D:/Users/Leon/Work/Japan/COMET/Electronics/trunk/FPGA/LIB/Light_Pulser.vhd sub00/vhpl09 1595313167
AR main behavioral D:/Users/Leon/Work/Japan/COMET/Electronics/trunk/FPGA/PreTrigger_ECAL_Xilinx/Main.vhd sub00/vhpl23 1595313176
AR adc_deser behavioral D:/Users/Leon/Work/Japan/COMET/Electronics/trunk/FPGA/PreTrigger_ECAL_Xilinx/lib/adc_deser.vhd sub00/vhpl17 1595313170
EN adc_deser NULL D:/Users/Leon/Work/Japan/COMET/Electronics/trunk/FPGA/PreTrigger_ECAL_Xilinx/lib/adc_deser.vhd sub00/vhpl14 1595313169
PH parameters NULL D:/Users/Leon/Work/Japan/COMET/Electronics/trunk/FPGA/PreTrigger_ECAL_Xilinx/lib/Parameters.vhd sub00/vhpl02 1595313153
EN iserdes_8bit NULL D:/Users/Leon/Work/Japan/COMET/Electronics/trunk/FPGA/LIB/ISERDES_8bit.vhd sub00/vhpl15 1595313159
EN dll NULL D:/Users/Leon/Work/Japan/COMET/Electronics/trunk/FPGA/PreTrigger_ECAL_Xilinx/DLL.vhd sub00/vhpl07 1595313165
PB parameters parameters D:/Users/Leon/Work/Japan/COMET/Electronics/trunk/FPGA/PreTrigger_ECAL_Xilinx/lib/Parameters.vhd sub00/vhpl03 1595313154
AR phasesw behavioral D:/Users/Leon/Work/Japan/COMET/Electronics/trunk/FPGA/LIB/PhaseSW.vhd sub00/vhpl13 1595313164
EN shiftreg NULL D:/Users/Leon/Work/Japan/COMET/Electronics/trunk/FPGA/PreTrigger_ECAL_Xilinx/lib/ShiftReg.vhd sub00/vhpl20 1595313173
AR shiftreg behavioral D:/Users/Leon/Work/Japan/COMET/Electronics/trunk/FPGA/PreTrigger_ECAL_Xilinx/lib/ShiftReg.vhd sub00/vhpl21 1595313174
AR v_counter utility D:/Users/Leon/Work/Japan/COMET/Electronics/trunk/FPGA/LIB/V_Counter.vhd sub00/vhpl05 1595313158
AR light_pulser utility D:/Users/Leon/Work/Japan/COMET/Electronics/trunk/FPGA/LIB/Light_Pulser.vhd sub00/vhpl12 1595313168
EN srff NULL D:/Users/Leon/Work/Japan/COMET/Electronics/trunk/FPGA/LIB/SRFF.vhd sub00/vhpl00 1595313155
AR srff utility D:/Users/Leon/Work/Japan/COMET/Electronics/trunk/FPGA/LIB/SRFF.vhd sub00/vhpl01 1595313156
EN main NULL D:/Users/Leon/Work/Japan/COMET/Electronics/trunk/FPGA/PreTrigger_ECAL_Xilinx/Main.vhd sub00/vhpl22 1595313175
EN findmaxamp NULL D:/Users/Leon/Work/Japan/COMET/Electronics/trunk/FPGA/PreTrigger_ECAL_Xilinx/lib/FindMaxAmp.vhd sub00/vhpl18 1595313171
AR dll behavioral D:/Users/Leon/Work/Japan/COMET/Electronics/trunk/FPGA/PreTrigger_ECAL_Xilinx/DLL.vhd sub00/vhpl08 1595313166
EN v_counter NULL D:/Users/Leon/Work/Japan/COMET/Electronics/trunk/FPGA/LIB/V_Counter.vhd sub00/vhpl04 1595313157
EN phasesw NULL D:/Users/Leon/Work/Japan/COMET/Electronics/trunk/FPGA/LIB/PhaseSW.vhd sub00/vhpl06 1595313163
AR findmaxamp behavioral D:/Users/Leon/Work/Japan/COMET/Electronics/trunk/FPGA/PreTrigger_ECAL_Xilinx/lib/FindMaxAmp.vhd sub00/vhpl19 1595313172
AR iserdes_8bit behavioral D:/Users/Leon/Work/Japan/COMET/Electronics/trunk/FPGA/LIB/ISERDES_8bit.vhd sub00/vhpl16 1595313160
AR edge_sensing utility D:/Users/Leon/Work/Japan/COMET/Electronics/trunk/FPGA/LIB/Edge_Sensing.vhd sub00/vhpl11 1595313162
EN edge_sensing NULL D:/Users/Leon/Work/Japan/COMET/Electronics/trunk/FPGA/LIB/Edge_Sensing.vhd sub00/vhpl10 1595313161
