V3 68
FL C:/Work/COMET/trunk/FPGA/LIB/Edge_Sensing.vhd 2019/09/04.20:53:10 P.20131013
FL C:/Work/COMET/trunk/FPGA/LIB/ISERDES_8bit.vhd 2019/09/04.20:53:10 P.20131013
FL C:/Work/COMET/trunk/FPGA/LIB/Light_Pulser.vhd 2020/07/13.14:29:22 P.20131013
FL C:/Work/COMET/trunk/FPGA/LIB/PhaseSW.vhd 2020/07/13.14:33:57 P.20131013
FL C:/Work/COMET/trunk/FPGA/LIB/SRFF.vhd 2019/09/04.20:53:10 P.20131013
FL C:/Work/COMET/trunk/FPGA/LIB/V_Counter.vhd 2019/09/04.20:53:10 P.20131013
FL C:/Work/COMET/trunk/FPGA/PreTrigger_ECAL_Xilinx/DLL.vhd 2020/07/13.13:25:23 P.20131013
FL C:/Work/COMET/trunk/FPGA/PreTrigger_ECAL_Xilinx/lib/adc_deser.vhd 2020/07/20.13:25:08 P.20131013
FL C:/Work/COMET/trunk/FPGA/PreTrigger_ECAL_Xilinx/lib/DLL.vhd 2020/07/06.11:21:55 P.20131013
FL C:/Work/COMET/trunk/FPGA/PreTrigger_ECAL_Xilinx/lib/FindMaxAmp.vhd 2020/07/16.10:36:29 P.20131013
FL C:/Work/COMET/trunk/FPGA/PreTrigger_ECAL_Xilinx/lib/Parameters.vhd 2020/07/16.10:33:07 P.20131013
FL C:/Work/COMET/trunk/FPGA/PreTrigger_ECAL_Xilinx/lib/ShiftReg.vhd 2019/09/04.20:53:10 P.20131013
FL C:/Work/COMET/trunk/FPGA/PreTrigger_ECAL_Xilinx/Main.vhd 2020/07/22.14:14:49 P.20131013
FL D:/Users/Leon/Work/Japan/COMET/Electronics/trunk/FPGA/LIB/Edge_Sensing.vhd 2018/08/21.11:08:35 P.20131013
EN work/Edge_Sensing 1597915319 \
      FL D:/Users/Leon/Work/Japan/COMET/Electronics/trunk/FPGA/LIB/Edge_Sensing.vhd \
      PB ieee/std_logic_1164 1381692176 PB work/parameters 1597915312
AR work/Edge_Sensing/Utility 1597915320 \
      FL D:/Users/Leon/Work/Japan/COMET/Electronics/trunk/FPGA/LIB/Edge_Sensing.vhd \
      EN work/Edge_Sensing 1597915319
FL D:/Users/Leon/Work/Japan/COMET/Electronics/trunk/FPGA/LIB/ISERDES_8bit.vhd 2018/11/02.14:15:02 P.20131013
EN work/ISERDES_8bit 1597915317 \
      FL D:/Users/Leon/Work/Japan/COMET/Electronics/trunk/FPGA/LIB/ISERDES_8bit.vhd \
      PB ieee/std_logic_1164 1381692176 PB ieee/std_logic_arith 1381692177 \
      PB ieee/STD_LOGIC_UNSIGNED 1381692179 PB ieee/NUMERIC_STD 1381692181 \
      LB UNISIM PH unisim/VCOMPONENTS 1381692182 PB work/parameters 1597915312
AR work/ISERDES_8bit/Behavioral 1597915318 \
      FL D:/Users/Leon/Work/Japan/COMET/Electronics/trunk/FPGA/LIB/ISERDES_8bit.vhd \
      EN work/ISERDES_8bit 1597915317 CP IDDR
FL D:/Users/Leon/Work/Japan/COMET/Electronics/trunk/FPGA/LIB/Light_Pulser.vhd 2020/07/21.11:55:58 P.20131013
EN work/Light_Pulser 1597915325 \
      FL D:/Users/Leon/Work/Japan/COMET/Electronics/trunk/FPGA/LIB/Light_Pulser.vhd \
      PB ieee/std_logic_1164 1381692176 PB ieee/STD_LOGIC_UNSIGNED 1381692179 \
      PB ieee/std_logic_arith 1381692177 PB ieee/MATH_REAL 1381692182 \
      PB work/parameters 1597915312
AR work/Light_Pulser/Utility 1597915326 \
      FL D:/Users/Leon/Work/Japan/COMET/Electronics/trunk/FPGA/LIB/Light_Pulser.vhd \
      EN work/Light_Pulser 1597915325 CP work/V_Counter CP work/Edge_Sensing \
      CP work/SRFF
FL D:/Users/Leon/Work/Japan/COMET/Electronics/trunk/FPGA/LIB/PhaseSW.vhd 2020/07/21.11:55:58 P.20131013
EN work/PhaseSW 1597915321 \
      FL D:/Users/Leon/Work/Japan/COMET/Electronics/trunk/FPGA/LIB/PhaseSW.vhd \
      PB ieee/std_logic_1164 1381692176 PB ieee/STD_LOGIC_UNSIGNED 1381692179 \
      PB ieee/NUMERIC_STD 1381692181 LB UNISIM PH unisim/VCOMPONENTS 1381692182
AR work/PhaseSW/Behavioral 1597915322 \
      FL D:/Users/Leon/Work/Japan/COMET/Electronics/trunk/FPGA/LIB/PhaseSW.vhd \
      EN work/PhaseSW 1597915321 CP work/V_Counter CP work/SRFF
FL D:/Users/Leon/Work/Japan/COMET/Electronics/trunk/FPGA/LIB/SRFF.vhd 2018/08/21.14:42:43 P.20131013
EN work/SRFF 1597915313 \
      FL D:/Users/Leon/Work/Japan/COMET/Electronics/trunk/FPGA/LIB/SRFF.vhd \
      PB ieee/std_logic_1164 1381692176
AR work/SRFF/Utility 1597915314 \
      FL D:/Users/Leon/Work/Japan/COMET/Electronics/trunk/FPGA/LIB/SRFF.vhd \
      EN work/SRFF 1597915313
FL D:/Users/Leon/Work/Japan/COMET/Electronics/trunk/FPGA/LIB/V_Counter.vhd 2018/08/21.11:08:35 P.20131013
EN work/V_Counter 1597915315 \
      FL D:/Users/Leon/Work/Japan/COMET/Electronics/trunk/FPGA/LIB/V_Counter.vhd \
      PB ieee/std_logic_1164 1381692176 PB ieee/STD_LOGIC_UNSIGNED 1381692179 \
      PB work/parameters 1597915312
AR work/V_Counter/Utility 1597915316 \
      FL D:/Users/Leon/Work/Japan/COMET/Electronics/trunk/FPGA/LIB/V_Counter.vhd \
      EN work/V_Counter 1597915315
FL D:/Users/Leon/Work/Japan/COMET/Electronics/trunk/FPGA/PreTrigger_ECAL_Xilinx/DLL.vhd 2020/07/14.12:36:16 P.20131013
EN work/DLL 1597915323 \
      FL D:/Users/Leon/Work/Japan/COMET/Electronics/trunk/FPGA/PreTrigger_ECAL_Xilinx/DLL.vhd \
      PB ieee/std_logic_1164 1381692176 PB ieee/NUMERIC_STD 1381692181 LB UNISIM \
      PH unisim/VCOMPONENTS 1381692182
AR work/DLL/BEHAVIORAL 1597915324 \
      FL D:/Users/Leon/Work/Japan/COMET/Electronics/trunk/FPGA/PreTrigger_ECAL_Xilinx/DLL.vhd \
      EN work/DLL 1597915323 CP BUFG CP IBUFG CP DCM_ADV
FL D:/Users/Leon/Work/Japan/COMET/Electronics/trunk/FPGA/PreTrigger_ECAL_Xilinx/lib/adc_deser.vhd 2020/07/21.11:32:15 P.20131013
EN work/adc_deser 1597915327 \
      FL D:/Users/Leon/Work/Japan/COMET/Electronics/trunk/FPGA/PreTrigger_ECAL_Xilinx/lib/adc_deser.vhd \
      PB ieee/std_logic_1164 1381692176 PB ieee/std_logic_arith 1381692177 \
      PB ieee/STD_LOGIC_UNSIGNED 1381692179 PB ieee/NUMERIC_STD 1381692181 \
      LB UNISIM PH unisim/VCOMPONENTS 1381692182 PB work/parameters 1597915312
AR work/adc_deser/Behavioral 1597915328 \
      FL D:/Users/Leon/Work/Japan/COMET/Electronics/trunk/FPGA/PreTrigger_ECAL_Xilinx/lib/adc_deser.vhd \
      EN work/adc_deser 1597915327 CP IBUFGDS CP IBUFDS CP work/ISERDES_8bit
FL D:/Users/Leon/Work/Japan/COMET/Electronics/trunk/FPGA/PreTrigger_ECAL_Xilinx/lib/FindMaxAmp.vhd 2020/07/21.11:32:15 P.20131013
EN work/FindMaxAmp 1597915329 \
      FL D:/Users/Leon/Work/Japan/COMET/Electronics/trunk/FPGA/PreTrigger_ECAL_Xilinx/lib/FindMaxAmp.vhd \
      PB ieee/std_logic_1164 1381692176 PB ieee/NUMERIC_STD 1381692181 \
      PB ieee/std_logic_arith 1381692177 PB ieee/STD_LOGIC_UNSIGNED 1381692179 \
      LB UNISIM PH unisim/VCOMPONENTS 1381692182 PB work/parameters 1597915312
AR work/FindMaxAmp/Behavioral 1597915330 \
      FL D:/Users/Leon/Work/Japan/COMET/Electronics/trunk/FPGA/PreTrigger_ECAL_Xilinx/lib/FindMaxAmp.vhd \
      EN work/FindMaxAmp 1597915329 CP work/SRFF CP work/V_Counter
FL D:/Users/Leon/Work/Japan/COMET/Electronics/trunk/FPGA/PreTrigger_ECAL_Xilinx/lib/Parameters.vhd 2020/07/21.11:32:15 P.20131013
PH work/parameters 1597915311 \
      FL D:/Users/Leon/Work/Japan/COMET/Electronics/trunk/FPGA/PreTrigger_ECAL_Xilinx/lib/Parameters.vhd \
      PB ieee/std_logic_1164 1381692176 PB ieee/STD_LOGIC_UNSIGNED 1381692179 \
      PB ieee/std_logic_arith 1381692177 PB ieee/NUMERIC_STD 1381692181 \
      PB ieee/MATH_REAL 1381692182
PB work/parameters 1597915312 \
      FL D:/Users/Leon/Work/Japan/COMET/Electronics/trunk/FPGA/PreTrigger_ECAL_Xilinx/lib/Parameters.vhd \
      PH work/parameters 1597915311
FL D:/Users/Leon/Work/Japan/COMET/Electronics/trunk/FPGA/PreTrigger_ECAL_Xilinx/lib/ShiftReg.vhd 2020/07/14.12:36:16 P.20131013
EN work/ShiftReg 1597915331 \
      FL D:/Users/Leon/Work/Japan/COMET/Electronics/trunk/FPGA/PreTrigger_ECAL_Xilinx/lib/ShiftReg.vhd \
      PB ieee/std_logic_1164 1381692176
AR work/ShiftReg/Behavioral 1597915332 \
      FL D:/Users/Leon/Work/Japan/COMET/Electronics/trunk/FPGA/PreTrigger_ECAL_Xilinx/lib/ShiftReg.vhd \
      EN work/ShiftReg 1597915331
FL D:/Users/Leon/Work/Japan/COMET/Electronics/trunk/FPGA/PreTrigger_ECAL_Xilinx/Main.vhd 2020/08/20.16:21:47 P.20131013
EN work/Main 1597915333 \
      FL D:/Users/Leon/Work/Japan/COMET/Electronics/trunk/FPGA/PreTrigger_ECAL_Xilinx/Main.vhd \
      PB ieee/std_logic_1164 1381692176 PB ieee/std_logic_arith 1381692177 \
      PB ieee/STD_LOGIC_UNSIGNED 1381692179 PB ieee/NUMERIC_STD 1381692181 \
      LB UNISIM PH unisim/VCOMPONENTS 1381692182 PB work/parameters 1597915312
AR work/Main/Behavioral 1597915334 \
      FL D:/Users/Leon/Work/Japan/COMET/Electronics/trunk/FPGA/PreTrigger_ECAL_Xilinx/Main.vhd \
      EN work/Main 1597915333 CP work/SRFF CP IBUFG CP IBUFGDS CP work/PhaseSW \
      CP work/DLL CP work/Light_Pulser CP work/adc_deser CP OSERDES CP OBUFDS \
      CP work/FindMaxAmp CP IBUFDS CP work/V_Counter CP work/ShiftReg
